// Jest Snapshot v1, https://goo.gl/fbAQLP

exports[`Checkbox test cases Render check 1`] = `
<DocumentFragment>
  <label
    class="css-1lkaypw"
  >
    <input
      id="0f8318d47d8d2a81d7e8"
      type="checkbox"
    />
    <label
      class="css-1yse1wo"
      for="0f8318d47d8d2a81d7e8"
    >
      âœ”
    </label>
  </label>
</DocumentFragment>
`;
