// Jest Snapshot v1, https://goo.gl/fbAQLP

exports[`Login page Render check 1`] = `
<div>
  <form>
    <div
      class="css-qbqlvy"
    >
      <section
        class="css-6q0t2w"
      >
        <h2>
          Login
        </h2>
        <label
          class="css-bhzw8w"
          height="7"
          width="20"
        >
          <span
            class="css-1grri41"
          >
            Identifier
          </span>
          <div
            class="css-52ovgc"
          >
            <input
              class="css-1bj11r8"
              placeholder="username or email"
            />
          </div>
          <span
            class="css-1reg724"
          />
        </label>
        <label
          class="css-bhzw8w"
          height="7"
          width="20"
        >
          <span
            class="css-1grri41"
          >
            Password
          </span>
          <div
            class="css-52ovgc"
          >
            <input
              class="css-1bj11r8"
              placeholder="password"
              type="password"
            />
          </div>
          <span
            class="css-1reg724"
          />
        </label>
        <button
          class="css-1tkemmz"
          color="primary"
          type="submit"
        >
          Sign In
        </button>
        <h3>
          <a
            class="css-pm0vza"
            href="/registration"
          >
            Create account
          </a>
        </h3>
      </section>
    </div>
  </form>
</div>
`;
