// Jest Snapshot v1, https://goo.gl/fbAQLP

exports[`Checkbox test cases Render check 1`] = `
<DocumentFragment>
  <label
    class="css-iqaj6y"
  >
    <input
      id="prefix-fffffffbb47d08"
      type="checkbox"
    />
    <label
      class="css-1yse1wo"
      for="prefix-fffffffbb47d08"
    >
      âœ”
    </label>
  </label>
</DocumentFragment>
`;
