// Jest Snapshot v1, https://goo.gl/fbAQLP

exports[`Button test cases Render check 1`] = `
<DocumentFragment>
  <button
    class="css-1izj4y7"
    color="primary"
  >
    Button
  </button>
</DocumentFragment>
`;
